Símbolo         Valor Decimal   Valor Hexadecimal
-------         -------------   -----------------
INICIO                    148                  94
AGUARDANDO                158                  9E
FIMMULT10                 178                  B2
AGUARDANDO_UNIDADE        180                  B4
AGUARDANDO2               200                  C8
FIMMULT102                224                  E0
AGUARDANDO_UNIDADE2       228                  E4
AGUARDANDO1               248                  F8
MULT10                    260                 104
OPERADORES                296                 128
SOMA                      324                 144
SUBTRACAO                 330                 14A
MULTIPLICACAO             336                 150
LOOP_MULT                 342                 156
FIM_MULT                  354                 162
DIVISAO                   356                 164
LOOP_DIV                  362                 16A
FIM_DIV                   372                 174
MOSTRAR                   374                 176
DIV100                    378                 17A
DIV10                     392                 188
MOSTRA_UN                 406                 196
FIM                       432                 1B0
_S_LIMPA_VISOR_ITERATIVA      437                 1B5
__OUTRO_LED               449                 1C1
_S_LIMPA_VISOR_RAPIDA      460                 1CC
_S_ESCREVER_NO_VISOR      605                 25D
__VOLTA_ESCR              605                 25D
__SEGUNDO                 628                 274
__CONTINUA2               632                 278
__PROXIMO_LED             639                 27F
__FIM_VISOR1              643                 283
__FIM_VISOR2              649                 289
_S_MULTIPLICAR            655                 28F
__INICIO_LACO             665                 299
__NAO_SOMAR               671                 29F
__FIM_LACO                679                 2A7
__ALERTA_ESTOURO          693                 2B5
_S_DIVIDIR                695                 2B7
__NAO_ZERO                701                 2BD
__SUBTRAI_DIVISOR         729                 2D9
__BIT_ZERO                733                 2DD
__INDICA_ESTOURO          747                 2EB
_S_LER_CARACTER           750                 2EE
_S_LER_CARACTER_VISOR      769                 301
_S_LER_CARACTERES_VISOR      796                 31C
__FIM_LER                 824                 338
