Símbolo         Valor Decimal   Valor Hexadecimal
-------         -------------   -----------------
INICIO                    160                  A0
AGUARDANDO                162                  A2
AGUARDANDO1               218                  DA
AGUARDANDO2               230                  E6
OPERADORES                244                  F4
SOMA                      270                 10E
SUBTRACAO                 276                 114
MULTIPLICACAO             282                 11A
LOOP_MULT                 288                 120
FIM_MULT                  300                 12C
DIVISAO                   302                 12E
LOOP_DIV                  308                 134
FIM_DIV                   318                 13E
MOSTRAR                   320                 140
DIV10                     322                 142
MOSTRA_UN                 336                 150
FIM                       354                 162
_S_LIMPA_VISOR_ITERATIVA      355                 163
__OUTRO_LED               367                 16F
_S_LIMPA_VISOR_RAPIDA      378                 17A
_S_ESCREVER_NO_VISOR      523                 20B
__VOLTA_ESCR              523                 20B
__SEGUNDO                 546                 222
__CONTINUA2               550                 226
__PROXIMO_LED             557                 22D
__FIM_VISOR1              561                 231
__FIM_VISOR2              567                 237
_S_MULTIPLICAR            573                 23D
__INICIO_LACO             583                 247
__NAO_SOMAR               589                 24D
__FIM_LACO                597                 255
__ALERTA_ESTOURO          611                 263
_S_DIVIDIR                613                 265
__NAO_ZERO                619                 26B
__SUBTRAI_DIVISOR         647                 287
__BIT_ZERO                651                 28B
__INDICA_ESTOURO          665                 299
_S_LER_CARACTER           668                 29C
_S_LER_CARACTER_VISOR      687                 2AF
_S_LER_CARACTERES_VISOR      714                 2CA
__FIM_LER                 742                 2E6
